I0425 01:03:40.534978   94138 load.go:31] Reloading schema and connectors...
I0425 01:03:40.538854   94138 control.go:100] [projects/emulator/locations/emulator/services/skild-6c3cf-service a405] UpdateResources(): done
Main schema: sources: schema/schema.gql [508B] 
Connector "example": sources: 
E0425 01:03:40.541656   94138 load.go:95] Errors generating SDK: [connector "example"]: invalid Data Connect Connector no query found in connector
I0425 01:03:40.542793   94138 collector.go:107] schema extensions wrote into "/Users/solidados/Documents/abc/tanstack/skild/dataconnect/.dataconnect/schema"
Generated sources: main/query.gql [2404B] main/mutation.gql [6444B] main/implicit.gql [266B] main/input.gql [16026B] prelude.gql [82799B] main/relation.gql [6578B] 
I0425 01:03:40.542810   94138 load.go:109] Finished reloading
I0425 01:03:40.542875   94138 dev.go:104] Listening on address (HTTP + gRPC): 127.0.0.1:9399
I0425 01:03:40.542928   94138 dev.go:104] Listening on address (HTTP + gRPC): [::1]:9399
I0425 01:03:43.268929   94138 migrate.go:24] Running migration SQL:
Step 1: CREATE EXTENSION IF NOT EXISTS "uuid-ossp"
Step 2: CREATE TABLE "public"."user" ("clerk_id" text NOT NULL, "email" text NOT NULL, "image_url" text NULL, "username" text NULL, PRIMARY KEY ("clerk_id"))
Step 3: CREATE UNIQUE INDEX "user_clerkId_uidx" ON "public"."user" ("clerk_id")
Step 4: CREATE TABLE "public"."skill" ("id" uuid NOT NULL DEFAULT uuid_generate_v4(), "author_clerk_id" text NOT NULL, "created_at" timestamptz NOT NULL, "description" text NOT NULL, "install_command" text NOT NULL, "prompt_config" text NOT NULL, "tags" text[] NOT NULL, "title" text NOT NULL, "usage_example" text NOT NULL, PRIMARY KEY ("id"), CONSTRAINT "skill_author_clerk_id_fkey" FOREIGN KEY ("author_clerk_id") REFERENCES "public"."user" ("clerk_id") ON DELETE CASCADE)
Step 5: CREATE INDEX "skill_authorClerkId_idx" ON "public"."skill" ("author_clerk_id")
I0425 01:03:43.298621   94138 control.go:100] [projects/emulator/locations/emulator/services/skild-6c3cf-service f637] UpdateResources(): done
Main schema: sources: schema/schema.gql [508B] 
Connector "example": sources: 
I0425 01:03:43.300567   94138 configure_emulator.go:21] ConfigureEmulator successed
Request: service_id: "skild-6c3cf-service"
connection_string: "postgres://127.0.0.1:5433/skild-6c3cf-database?sslmode=disable"
database: "skild-6c3cf-database"

Response: 
I0425 01:07:06.168048   94138 execute.go:57] Database ping is quick (likely cached), took 730.667µs
I0425 01:07:06.170954   94138 engine.go:209] [projects/emulator/locations/emulator/services/skild-6c3cf-service f637] ExecuteGraphql query : succeeded. 
E0426 14:21:20.977732   94138 watch.go:40] Failed to load config from "/Users/solidados/Documents/abc/tanstack/skild/dataconnect": could not read connector.yaml at `/Users/solidados/Documents/abc/tanstack/skild/dataconnect/example/connector.yaml`: open /Users/solidados/Documents/abc/tanstack/skild/dataconnect/example/connector.yaml: no such file or directory
E0426 14:21:30.978259   94138 watch.go:40] Failed to load config from "/Users/solidados/Documents/abc/tanstack/skild/dataconnect": could not read connector.yaml at `/Users/solidados/Documents/abc/tanstack/skild/dataconnect/example/connector.yaml`: open /Users/solidados/Documents/abc/tanstack/skild/dataconnect/example/connector.yaml: no such file or directory
E0426 14:21:40.977016   94138 watch.go:40] Failed to load config from "/Users/solidados/Documents/abc/tanstack/skild/dataconnect": could not read connector.yaml at `/Users/solidados/Documents/abc/tanstack/skild/dataconnect/example/connector.yaml`: open /Users/solidados/Documents/abc/tanstack/skild/dataconnect/example/connector.yaml: no such file or directory
E0426 14:21:50.977693   94138 watch.go:40] Failed to load config from "/Users/solidados/Documents/abc/tanstack/skild/dataconnect": could not read connector.yaml at `/Users/solidados/Documents/abc/tanstack/skild/dataconnect/example/connector.yaml`: open /Users/solidados/Documents/abc/tanstack/skild/dataconnect/example/connector.yaml: no such file or directory
E0426 14:22:00.977368   94138 watch.go:40] Failed to load config from "/Users/solidados/Documents/abc/tanstack/skild/dataconnect": could not read connector.yaml at `/Users/solidados/Documents/abc/tanstack/skild/dataconnect/example/connector.yaml`: open /Users/solidados/Documents/abc/tanstack/skild/dataconnect/example/connector.yaml: no such file or directory
E0426 14:22:10.977554   94138 watch.go:40] Failed to load config from "/Users/solidados/Documents/abc/tanstack/skild/dataconnect": could not read connector.yaml at `/Users/solidados/Documents/abc/tanstack/skild/dataconnect/example/connector.yaml`: open /Users/solidados/Documents/abc/tanstack/skild/dataconnect/example/connector.yaml: no such file or directory
E0426 14:22:20.977573   94138 watch.go:40] Failed to load config from "/Users/solidados/Documents/abc/tanstack/skild/dataconnect": could not read connector.yaml at `/Users/solidados/Documents/abc/tanstack/skild/dataconnect/example/connector.yaml`: open /Users/solidados/Documents/abc/tanstack/skild/dataconnect/example/connector.yaml: no such file or directory
E0426 14:22:30.977184   94138 watch.go:40] Failed to load config from "/Users/solidados/Documents/abc/tanstack/skild/dataconnect": could not read connector.yaml at `/Users/solidados/Documents/abc/tanstack/skild/dataconnect/example/connector.yaml`: open /Users/solidados/Documents/abc/tanstack/skild/dataconnect/example/connector.yaml: no such file or directory
E0426 14:22:40.976789   94138 watch.go:40] Failed to load config from "/Users/solidados/Documents/abc/tanstack/skild/dataconnect": could not read connector.yaml at `/Users/solidados/Documents/abc/tanstack/skild/dataconnect/example/connector.yaml`: open /Users/solidados/Documents/abc/tanstack/skild/dataconnect/example/connector.yaml: no such file or directory
E0426 14:22:50.977077   94138 watch.go:40] Failed to load config from "/Users/solidados/Documents/abc/tanstack/skild/dataconnect": could not read connector.yaml at `/Users/solidados/Documents/abc/tanstack/skild/dataconnect/example/connector.yaml`: open /Users/solidados/Documents/abc/tanstack/skild/dataconnect/example/connector.yaml: no such file or directory
E0426 14:23:00.976301   94138 watch.go:40] Failed to load config from "/Users/solidados/Documents/abc/tanstack/skild/dataconnect": could not read connector.yaml at `/Users/solidados/Documents/abc/tanstack/skild/dataconnect/example/connector.yaml`: open /Users/solidados/Documents/abc/tanstack/skild/dataconnect/example/connector.yaml: no such file or directory
E0426 14:23:10.977403   94138 watch.go:40] Failed to load config from "/Users/solidados/Documents/abc/tanstack/skild/dataconnect": could not read connector.yaml at `/Users/solidados/Documents/abc/tanstack/skild/dataconnect/example/connector.yaml`: open /Users/solidados/Documents/abc/tanstack/skild/dataconnect/example/connector.yaml: no such file or directory
E0426 14:23:20.977359   94138 watch.go:40] Failed to load config from "/Users/solidados/Documents/abc/tanstack/skild/dataconnect": could not read connector.yaml at `/Users/solidados/Documents/abc/tanstack/skild/dataconnect/example/connector.yaml`: open /Users/solidados/Documents/abc/tanstack/skild/dataconnect/example/connector.yaml: no such file or directory
E0426 14:23:30.976801   94138 watch.go:40] Failed to load config from "/Users/solidados/Documents/abc/tanstack/skild/dataconnect": could not read connector.yaml at `/Users/solidados/Documents/abc/tanstack/skild/dataconnect/example/connector.yaml`: open /Users/solidados/Documents/abc/tanstack/skild/dataconnect/example/connector.yaml: no such file or directory
E0426 14:23:40.976676   94138 watch.go:40] Failed to load config from "/Users/solidados/Documents/abc/tanstack/skild/dataconnect": could not read connector.yaml at `/Users/solidados/Documents/abc/tanstack/skild/dataconnect/example/connector.yaml`: open /Users/solidados/Documents/abc/tanstack/skild/dataconnect/example/connector.yaml: no such file or directory
E0426 14:23:50.976938   94138 watch.go:40] Failed to load config from "/Users/solidados/Documents/abc/tanstack/skild/dataconnect": could not read connector.yaml at `/Users/solidados/Documents/abc/tanstack/skild/dataconnect/example/connector.yaml`: open /Users/solidados/Documents/abc/tanstack/skild/dataconnect/example/connector.yaml: no such file or directory
E0426 14:24:00.977026   94138 watch.go:40] Failed to load config from "/Users/solidados/Documents/abc/tanstack/skild/dataconnect": could not read connector.yaml at `/Users/solidados/Documents/abc/tanstack/skild/dataconnect/example/connector.yaml`: open /Users/solidados/Documents/abc/tanstack/skild/dataconnect/example/connector.yaml: no such file or directory
E0426 14:24:10.976725   94138 watch.go:40] Failed to load config from "/Users/solidados/Documents/abc/tanstack/skild/dataconnect": could not read connector.yaml at `/Users/solidados/Documents/abc/tanstack/skild/dataconnect/example/connector.yaml`: open /Users/solidados/Documents/abc/tanstack/skild/dataconnect/example/connector.yaml: no such file or directory
E0426 14:24:20.976433   94138 watch.go:40] Failed to load config from "/Users/solidados/Documents/abc/tanstack/skild/dataconnect": could not read connector.yaml at `/Users/solidados/Documents/abc/tanstack/skild/dataconnect/example/connector.yaml`: open /Users/solidados/Documents/abc/tanstack/skild/dataconnect/example/connector.yaml: no such file or directory
E0426 14:24:30.976894   94138 watch.go:40] Failed to load config from "/Users/solidados/Documents/abc/tanstack/skild/dataconnect": could not read connector.yaml at `/Users/solidados/Documents/abc/tanstack/skild/dataconnect/example/connector.yaml`: open /Users/solidados/Documents/abc/tanstack/skild/dataconnect/example/connector.yaml: no such file or directory
E0426 14:24:40.977002   94138 watch.go:40] Failed to load config from "/Users/solidados/Documents/abc/tanstack/skild/dataconnect": could not read connector.yaml at `/Users/solidados/Documents/abc/tanstack/skild/dataconnect/example/connector.yaml`: open /Users/solidados/Documents/abc/tanstack/skild/dataconnect/example/connector.yaml: no such file or directory
E0426 14:24:50.976822   94138 watch.go:40] Failed to load config from "/Users/solidados/Documents/abc/tanstack/skild/dataconnect": could not read connector.yaml at `/Users/solidados/Documents/abc/tanstack/skild/dataconnect/example/connector.yaml`: open /Users/solidados/Documents/abc/tanstack/skild/dataconnect/example/connector.yaml: no such file or directory
E0426 14:25:00.976733   94138 watch.go:40] Failed to load config from "/Users/solidados/Documents/abc/tanstack/skild/dataconnect": could not read connector.yaml at `/Users/solidados/Documents/abc/tanstack/skild/dataconnect/example/connector.yaml`: open /Users/solidados/Documents/abc/tanstack/skild/dataconnect/example/connector.yaml: no such file or directory
E0426 14:25:10.976931   94138 watch.go:40] Failed to load config from "/Users/solidados/Documents/abc/tanstack/skild/dataconnect": could not read connector.yaml at `/Users/solidados/Documents/abc/tanstack/skild/dataconnect/example/connector.yaml`: open /Users/solidados/Documents/abc/tanstack/skild/dataconnect/example/connector.yaml: no such file or directory
E0426 14:25:20.976881   94138 watch.go:40] Failed to load config from "/Users/solidados/Documents/abc/tanstack/skild/dataconnect": could not read connector.yaml at `/Users/solidados/Documents/abc/tanstack/skild/dataconnect/example/connector.yaml`: open /Users/solidados/Documents/abc/tanstack/skild/dataconnect/example/connector.yaml: no such file or directory
E0426 14:25:30.976147   94138 watch.go:40] Failed to load config from "/Users/solidados/Documents/abc/tanstack/skild/dataconnect": could not read connector.yaml at `/Users/solidados/Documents/abc/tanstack/skild/dataconnect/example/connector.yaml`: open /Users/solidados/Documents/abc/tanstack/skild/dataconnect/example/connector.yaml: no such file or directory
E0426 14:25:40.976065   94138 watch.go:40] Failed to load config from "/Users/solidados/Documents/abc/tanstack/skild/dataconnect": could not read connector.yaml at `/Users/solidados/Documents/abc/tanstack/skild/dataconnect/example/connector.yaml`: open /Users/solidados/Documents/abc/tanstack/skild/dataconnect/example/connector.yaml: no such file or directory
E0426 14:25:50.976502   94138 watch.go:40] Failed to load config from "/Users/solidados/Documents/abc/tanstack/skild/dataconnect": could not read connector.yaml at `/Users/solidados/Documents/abc/tanstack/skild/dataconnect/example/connector.yaml`: open /Users/solidados/Documents/abc/tanstack/skild/dataconnect/example/connector.yaml: no such file or directory
E0426 14:26:00.976318   94138 watch.go:40] Failed to load config from "/Users/solidados/Documents/abc/tanstack/skild/dataconnect": could not read connector.yaml at `/Users/solidados/Documents/abc/tanstack/skild/dataconnect/example/connector.yaml`: open /Users/solidados/Documents/abc/tanstack/skild/dataconnect/example/connector.yaml: no such file or directory
E0426 14:26:10.976744   94138 watch.go:40] Failed to load config from "/Users/solidados/Documents/abc/tanstack/skild/dataconnect": could not read connector.yaml at `/Users/solidados/Documents/abc/tanstack/skild/dataconnect/example/connector.yaml`: open /Users/solidados/Documents/abc/tanstack/skild/dataconnect/example/connector.yaml: no such file or directory
E0426 14:26:20.976436   94138 watch.go:40] Failed to load config from "/Users/solidados/Documents/abc/tanstack/skild/dataconnect": could not read connector.yaml at `/Users/solidados/Documents/abc/tanstack/skild/dataconnect/example/connector.yaml`: open /Users/solidados/Documents/abc/tanstack/skild/dataconnect/example/connector.yaml: no such file or directory
E0426 14:26:30.977854   94138 watch.go:40] Failed to load config from "/Users/solidados/Documents/abc/tanstack/skild/dataconnect": could not read connector.yaml at `/Users/solidados/Documents/abc/tanstack/skild/dataconnect/example/connector.yaml`: open /Users/solidados/Documents/abc/tanstack/skild/dataconnect/example/connector.yaml: no such file or directory
E0426 14:26:40.976290   94138 watch.go:40] Failed to load config from "/Users/solidados/Documents/abc/tanstack/skild/dataconnect": could not read connector.yaml at `/Users/solidados/Documents/abc/tanstack/skild/dataconnect/example/connector.yaml`: open /Users/solidados/Documents/abc/tanstack/skild/dataconnect/example/connector.yaml: no such file or directory
E0426 14:26:50.976584   94138 watch.go:40] Failed to load config from "/Users/solidados/Documents/abc/tanstack/skild/dataconnect": could not read connector.yaml at `/Users/solidados/Documents/abc/tanstack/skild/dataconnect/example/connector.yaml`: open /Users/solidados/Documents/abc/tanstack/skild/dataconnect/example/connector.yaml: no such file or directory
E0426 14:27:00.976141   94138 watch.go:40] Failed to load config from "/Users/solidados/Documents/abc/tanstack/skild/dataconnect": could not read connector.yaml at `/Users/solidados/Documents/abc/tanstack/skild/dataconnect/example/connector.yaml`: open /Users/solidados/Documents/abc/tanstack/skild/dataconnect/example/connector.yaml: no such file or directory
E0426 14:27:10.976139   94138 watch.go:40] Failed to load config from "/Users/solidados/Documents/abc/tanstack/skild/dataconnect": could not read connector.yaml at `/Users/solidados/Documents/abc/tanstack/skild/dataconnect/example/connector.yaml`: open /Users/solidados/Documents/abc/tanstack/skild/dataconnect/example/connector.yaml: no such file or directory
E0426 14:27:20.975980   94138 watch.go:40] Failed to load config from "/Users/solidados/Documents/abc/tanstack/skild/dataconnect": could not read connector.yaml at `/Users/solidados/Documents/abc/tanstack/skild/dataconnect/example/connector.yaml`: open /Users/solidados/Documents/abc/tanstack/skild/dataconnect/example/connector.yaml: no such file or directory
E0426 14:27:30.975170   94138 watch.go:40] Failed to load config from "/Users/solidados/Documents/abc/tanstack/skild/dataconnect": could not read connector.yaml at `/Users/solidados/Documents/abc/tanstack/skild/dataconnect/example/connector.yaml`: open /Users/solidados/Documents/abc/tanstack/skild/dataconnect/example/connector.yaml: no such file or directory
E0426 14:27:40.976416   94138 watch.go:40] Failed to load config from "/Users/solidados/Documents/abc/tanstack/skild/dataconnect": could not read connector.yaml at `/Users/solidados/Documents/abc/tanstack/skild/dataconnect/example/connector.yaml`: open /Users/solidados/Documents/abc/tanstack/skild/dataconnect/example/connector.yaml: no such file or directory
E0426 14:27:50.975683   94138 watch.go:40] Failed to load config from "/Users/solidados/Documents/abc/tanstack/skild/dataconnect": could not read connector.yaml at `/Users/solidados/Documents/abc/tanstack/skild/dataconnect/example/connector.yaml`: open /Users/solidados/Documents/abc/tanstack/skild/dataconnect/example/connector.yaml: no such file or directory
E0426 14:28:00.976076   94138 watch.go:40] Failed to load config from "/Users/solidados/Documents/abc/tanstack/skild/dataconnect": could not read connector.yaml at `/Users/solidados/Documents/abc/tanstack/skild/dataconnect/example/connector.yaml`: open /Users/solidados/Documents/abc/tanstack/skild/dataconnect/example/connector.yaml: no such file or directory
E0426 14:28:10.975288   94138 watch.go:40] Failed to load config from "/Users/solidados/Documents/abc/tanstack/skild/dataconnect": could not read connector.yaml at `/Users/solidados/Documents/abc/tanstack/skild/dataconnect/example/connector.yaml`: open /Users/solidados/Documents/abc/tanstack/skild/dataconnect/example/connector.yaml: no such file or directory
E0426 14:28:20.975929   94138 watch.go:40] Failed to load config from "/Users/solidados/Documents/abc/tanstack/skild/dataconnect": could not read connector.yaml at `/Users/solidados/Documents/abc/tanstack/skild/dataconnect/example/connector.yaml`: open /Users/solidados/Documents/abc/tanstack/skild/dataconnect/example/connector.yaml: no such file or directory
E0426 14:28:30.975628   94138 watch.go:40] Failed to load config from "/Users/solidados/Documents/abc/tanstack/skild/dataconnect": could not read connector.yaml at `/Users/solidados/Documents/abc/tanstack/skild/dataconnect/example/connector.yaml`: open /Users/solidados/Documents/abc/tanstack/skild/dataconnect/example/connector.yaml: no such file or directory
E0426 14:28:40.976851   94138 watch.go:40] Failed to load config from "/Users/solidados/Documents/abc/tanstack/skild/dataconnect": could not read connector.yaml at `/Users/solidados/Documents/abc/tanstack/skild/dataconnect/example/connector.yaml`: open /Users/solidados/Documents/abc/tanstack/skild/dataconnect/example/connector.yaml: no such file or directory
E0426 14:28:50.975730   94138 watch.go:40] Failed to load config from "/Users/solidados/Documents/abc/tanstack/skild/dataconnect": could not read connector.yaml at `/Users/solidados/Documents/abc/tanstack/skild/dataconnect/example/connector.yaml`: open /Users/solidados/Documents/abc/tanstack/skild/dataconnect/example/connector.yaml: no such file or directory
E0426 14:29:00.976054   94138 watch.go:40] Failed to load config from "/Users/solidados/Documents/abc/tanstack/skild/dataconnect": could not read connector.yaml at `/Users/solidados/Documents/abc/tanstack/skild/dataconnect/example/connector.yaml`: open /Users/solidados/Documents/abc/tanstack/skild/dataconnect/example/connector.yaml: no such file or directory
E0426 14:29:10.975648   94138 watch.go:40] Failed to load config from "/Users/solidados/Documents/abc/tanstack/skild/dataconnect": could not read connector.yaml at `/Users/solidados/Documents/abc/tanstack/skild/dataconnect/example/connector.yaml`: open /Users/solidados/Documents/abc/tanstack/skild/dataconnect/example/connector.yaml: no such file or directory
E0426 14:29:20.974953   94138 watch.go:40] Failed to load config from "/Users/solidados/Documents/abc/tanstack/skild/dataconnect": could not read connector.yaml at `/Users/solidados/Documents/abc/tanstack/skild/dataconnect/example/connector.yaml`: open /Users/solidados/Documents/abc/tanstack/skild/dataconnect/example/connector.yaml: no such file or directory
E0426 14:29:30.975945   94138 watch.go:40] Failed to load config from "/Users/solidados/Documents/abc/tanstack/skild/dataconnect": could not read connector.yaml at `/Users/solidados/Documents/abc/tanstack/skild/dataconnect/example/connector.yaml`: open /Users/solidados/Documents/abc/tanstack/skild/dataconnect/example/connector.yaml: no such file or directory
E0426 14:29:40.975281   94138 watch.go:40] Failed to load config from "/Users/solidados/Documents/abc/tanstack/skild/dataconnect": could not read connector.yaml at `/Users/solidados/Documents/abc/tanstack/skild/dataconnect/example/connector.yaml`: open /Users/solidados/Documents/abc/tanstack/skild/dataconnect/example/connector.yaml: no such file or directory
E0426 14:29:50.975431   94138 watch.go:40] Failed to load config from "/Users/solidados/Documents/abc/tanstack/skild/dataconnect": could not read connector.yaml at `/Users/solidados/Documents/abc/tanstack/skild/dataconnect/example/connector.yaml`: open /Users/solidados/Documents/abc/tanstack/skild/dataconnect/example/connector.yaml: no such file or directory
E0426 14:30:00.974630   94138 watch.go:40] Failed to load config from "/Users/solidados/Documents/abc/tanstack/skild/dataconnect": could not read connector.yaml at `/Users/solidados/Documents/abc/tanstack/skild/dataconnect/conne/connector.yaml`: open /Users/solidados/Documents/abc/tanstack/skild/dataconnect/conne/connector.yaml: no such file or directory
I0426 14:30:10.977401   94138 load.go:31] Reloading schema and connectors...
I0426 14:30:11.055646   94138 control.go:100] [projects/emulator/locations/emulator/services/skild-6c3cf-service 86c2] UpdateResources(): done
Main schema: sources: schema/schema.gql [508B] 
Connector "example": sources: connectors/queries.gql [466B] 
I0426 14:30:11.058919   94138 codegen.go:101] [connector "example" javascriptSdk] Generating sources into "/Users/solidados/Documents/abc/tanstack/skild/src/dataconnect-generated"
I0426 14:30:11.062566   94138 collector.go:107] schema extensions wrote into "/Users/solidados/Documents/abc/tanstack/skild/dataconnect/.dataconnect/schema"
Generated sources: prelude.gql [82799B] main/implicit.gql [266B] main/input.gql [16026B] main/relation.gql [6578B] main/query.gql [2404B] main/mutation.gql [6444B] 
I0426 14:30:11.063328   94138 collector.go:107] connector "example" javascriptSdk wrote into "/Users/solidados/Documents/abc/tanstack/skild/src/dataconnect-generated"
Generated sources: react/README.md [12918B] index.d.ts [1661B] esm/index.esm.js [952B] esm/package.json [17B] package.json [853B] README.md [8682B] react/package.json [460B] react/esm/package.json [17B] react/index.cjs.js [605B] .guides/setup.md [1682B] .guides/config.json [236B] index.cjs.js [1082B] react/index.d.ts [690B] .guides/usage.md [1571B] react/esm/index.esm.js [581B] 
I0426 14:30:11.068467   94138 installsdk.go:86] Running command: /Users/solidados/.nvm/versions/node/v24.13.1/bin/npm install file:src/dataconnect-generated
I0426 14:30:31.068779   94138 load.go:109] Finished reloading
E0426 14:32:30.974870   94138 watch.go:40] Failed to load config from "/Users/solidados/Documents/abc/tanstack/skild/dataconnect": could not unmarshal dataconnect.yaml at `/Users/solidados/Documents/abc/tanstack/skild/dataconnect/dataconnect.yaml`: yaml: unmarshal errors:
  line 5: cannot unmarshal !!seq into config.SchemaOptions
E0426 14:32:40.975048   94138 watch.go:40] Failed to load config from "/Users/solidados/Documents/abc/tanstack/skild/dataconnect": could not unmarshal dataconnect.yaml at `/Users/solidados/Documents/abc/tanstack/skild/dataconnect/dataconnect.yaml`: yaml: line 3: did not find expected key
